// Vitest Snapshot v1, https://vitest.dev/guide/snapshot.html

exports[`Mount component 1`] = `"<div data-v-8dd7c482=\\"\\" class=\\"v-avatar\\">Slot Content</div>"`;
