// Vitest Snapshot v1, https://vitest.dev/guide/snapshot.html

exports[`Mount component 1`] = `"<div data-v-de36d604=\\"\\" class=\\"v-card-text\\">Slot Content</div>"`;
