// Vitest Snapshot v1, https://vitest.dev/guide/snapshot.html

exports[`Mount component 1`] = `"<div data-v-12731031=\\"\\" class=\\"v-card\\">Slot Content</div>"`;
