// Vitest Snapshot v1, https://vitest.dev/guide/snapshot.html

exports[`Mount component 1`] = `"<div data-v-f6658148=\\"\\" class=\\"v-card-subtitle\\">Slot Content</div>"`;
