// Vitest Snapshot v1, https://vitest.dev/guide/snapshot.html

exports[`Mount component 1`] = `"<div data-v-0768f50f=\\"\\" class=\\"v-card-title type-label\\">Slot Content</div>"`;
