// Vitest Snapshot v1, https://vitest.dev/guide/snapshot.html

exports[`Mount component 1`] = `"<div data-v-b9233e5b=\\"\\" class=\\"v-card-actions\\">Slot Content</div>"`;
