// Vitest Snapshot v1, https://vitest.dev/guide/snapshot.html

exports[`Mount component 1`] = `
"<div data-v-a110deb5=\\"\\" class=\\"v-workspace-tile draggable br-tl br-tr br-br br-bl\\" style=\\"--pos-x: 1; --pos-y: 1; --width: 10; --height: 10;\\" data-move=\\"\\">
  <div data-v-a110deb5=\\"\\" class=\\"header\\">
    <v-icon-stub data-v-a110deb5=\\"\\" class=\\"icon\\" style=\\"--v-icon-color: var(--primary);\\" name=\\"space_dashboard\\" small=\\"\\"></v-icon-stub>
    <v-text-overflow-stub data-v-a110deb5=\\"\\" class=\\"name\\" text=\\"\\"></v-text-overflow-stub>
    <div data-v-a110deb5=\\"\\" class=\\"spacer\\"></div>
    <!--v-if-->
  </div>
  <!--v-if-->
  <div data-v-a110deb5=\\"\\" class=\\"resize-details\\"> (0:0) 10Ã—10</div>
  <!--v-if-->
  <div data-v-a110deb5=\\"\\" class=\\"tile-content has-header\\">
    <!--v-if-->
  </div>
</div>"
`;
